// Jest Snapshot v1, https://goo.gl/fbAQLP

exports[`Comments: should allow html in comments' 1`] = `
"<p>
You can write <strong>HTML</strong> tags directly in comments
</p>
<ul>
<li>List item</li>
</ul>"
`;

exports[`Comments: should build @link references' 1`] = `
"See [\`CommentClass\`](classes/CommentClass.md) and [CommentClass's comment property](classes/CommentClass.md#comment).
Also, check out [Google](https://www.google.com) and
[GitHub](https://github.com).

Taken from [JsDoc](http://usejsdoc.org/tags-inline-link.html).
"
`;

exports[`Comments: should convert comments with fenced block' 1`] = `
"Some comments with fence blocks

\`\`\`typescript
someFunction()
\`\`\`

\`\`\`js
anotherFunction()
\`\`\`
"
`;

exports[`Comments: should convert comments with tags' 1`] = `
"**\`name\`** Tag description on same line

**\`description\`**
Tag description on new line

- Tag description on another line


**\`deprecated\`**
Another tag description
"
`;

exports[`Comments: should convert symbols brackets to symbol links' 1`] = `
"Additionally you can link to other classes, members or functions using double square brackets.

- Link to an external reflection: [CommentClass](classes/CommentClass.md)
- Link to an internal reflection: [commentsInReturn](modules.md#commentsinreturn)
- Link to an undefined reflection: [[VOID]]
"
`;
