// Jest Snapshot v1, https://goo.gl/fbAQLP

exports[`Members: (member) should compile a signature members' 1`] = `
"### signatureMember

▸ **signatureMember**(): \`void\`

#### Returns

\`void\`

[SOURCES]
"
`;

exports[`Members: (member) should compile declaration members' 1`] = `
"### declarationMember

• \`Let\` **declarationMember**: \`string\`

[SOURCES]
"
`;

exports[`Members: (member) should compile members with getter' 1`] = `
"### getter

• \`get\` **getter**(): \`string\`

#### Returns

\`string\`

[SOURCES]
"
`;

exports[`Members: (member) should compile members with setter' 1`] = `
"### setter

• \`set\` **setter**(\`value\`): \`void\`

#### Parameters

| Name | Type |
| :------ | :------ |
| \`value\` | \`string\` |

#### Returns

\`void\`

[SOURCES]
"
`;

exports[`Members: (members) should compile class members' 1`] = `
"[TOC]

## Constructors

[MEMBER]

## Properties

[MEMBER]

## Accessors

[MEMBER]

---

[MEMBER]
"
`;
