// Jest Snapshot v1, https://goo.gl/fbAQLP

exports[`TOC: (default) should display toc for class' 1`] = `
"## Table of contents

### Constructors

- [constructor](Breadcrumbs.md#constructor)

### Methods

- [someMethod](Breadcrumbs.md#somemethod)"
`;

exports[`TOC: (default) should display toc for module' 1`] = `
"## Table of contents

### Constructors

- [constructor](Breadcrumbs.md#constructor)

### Methods

- [someMethod](Breadcrumbs.md#somemethod)"
`;
